2026-09-19 10:39:45 | INFO     | vision.memory.vector_store | Memory database & FTS5 index initialized: /home/carlosgomezc7/Projects/vision/vision_memory.db
2026-09-19 10:39:45 | INFO     | vision.memory.seeder | Seed memory indexed: 01_business_model.md
2026-09-19 10:39:45 | INFO     | vision.memory.seeder | Seed memory indexed: 02_intake_intranet.md
2026-09-19 10:39:45 | INFO     | vision.memory.seeder | Seed memory indexed: 03_deep_search_rag.md
2026-09-19 10:39:45 | INFO     | vision.memory.seeder | Seed memory indexed: 04_enterprise_stack.md
2026-09-19 10:39:45 | INFO     | vision.memory.seeder | Seed memory indexed: 05_blueprint_login_setup.md
2026-09-19 10:39:45 | INFO     | vision.memory.seeder | Seed memory indexed: 06_reusable_auth_code.md
2026-09-19 10:39:45 | INFO     | vision.memory.seeder | Seed memory indexed: 07_visual_login_customization.md
2026-09-19 10:39:45 | INFO     | vision.memory.seeder | Seed memory indexed: 08_project_start_protocol.md
2026-09-19 10:39:45 | INFO     | vision.memory.seeder | Seed memory indexed: 09_ux_design_agent.md
2026-09-19 10:39:45 | INFO     | vision.memory.seeder | Seed memory indexed: 10_aws_hostinger_deployment.md
2026-09-19 10:39:45 | INFO     | vision.memory.seeder | Seed memory indexed: 11_saas_multitenant_architecture.md
2026-09-19 10:39:45 | INFO     | vision.memory.seeder | Seed memory indexed: 12_company_name_variable.md
2026-09-19 10:39:45 | INFO     | vision.memory.seeder | Seed memory indexed: 13_hybrid_site_landing.md
2026-09-19 10:39:45 | INFO     | vision.memory.seeder | Seeding complete. 13 files processed.
2026-09-19 10:39:45 | INFO     | vision.main | Memory initialized with 13 seed knowledge documents.
2026-09-19 10:39:52 | INFO     | vision.memory.vector_store | Memory database & FTS5 index initialized: /home/carlosgomezc7/Projects/vision/vision_memory.db
2026-09-19 10:39:52 | INFO     | vision.memory.seeder | Seed memory indexed: 01_business_model.md
2026-09-19 10:39:52 | INFO     | vision.memory.seeder | Seed memory indexed: 02_intake_intranet.md
2026-09-19 10:39:52 | INFO     | vision.memory.seeder | Seed memory indexed: 03_deep_search_rag.md
2026-09-19 10:39:52 | INFO     | vision.memory.seeder | Seed memory indexed: 04_enterprise_stack.md
2026-09-19 10:39:52 | INFO     | vision.memory.seeder | Seed memory indexed: 05_blueprint_login_setup.md
2026-09-19 10:39:52 | INFO     | vision.memory.seeder | Seed memory indexed: 06_reusable_auth_code.md
2026-09-19 10:39:52 | INFO     | vision.memory.seeder | Seed memory indexed: 07_visual_login_customization.md
2026-09-19 10:39:53 | INFO     | vision.memory.seeder | Seed memory indexed: 08_project_start_protocol.md
2026-09-19 10:39:53 | INFO     | vision.memory.seeder | Seed memory indexed: 09_ux_design_agent.md
2026-09-19 10:39:53 | INFO     | vision.memory.seeder | Seed memory indexed: 10_aws_hostinger_deployment.md
2026-09-19 10:39:53 | INFO     | vision.memory.seeder | Seed memory indexed: 11_saas_multitenant_architecture.md
2026-09-19 10:39:53 | INFO     | vision.memory.seeder | Seed memory indexed: 12_company_name_variable.md
2026-09-19 10:39:53 | INFO     | vision.memory.seeder | Seed memory indexed: 13_hybrid_site_landing.md
2026-09-19 10:39:53 | INFO     | vision.memory.seeder | Seeding complete. 13 files processed.
2026-09-19 10:39:53 | INFO     | vision.main | Memory initialized with 13 seed knowledge documents.
2026-09-19 10:40:04 | INFO     | vision.memory.vector_store | Memory database & FTS5 index initialized: /home/carlosgomezc7/Projects/vision/vision_memory.db
2026-09-19 10:40:04 | INFO     | vision.memory.seeder | Seed memory indexed: 01_business_model.md
2026-09-19 10:40:04 | INFO     | vision.memory.seeder | Seed memory indexed: 02_intake_intranet.md
2026-09-19 10:40:04 | INFO     | vision.memory.seeder | Seed memory indexed: 03_deep_search_rag.md
2026-09-19 10:40:04 | INFO     | vision.memory.seeder | Seed memory indexed: 04_enterprise_stack.md
2026-09-19 10:40:04 | INFO     | vision.memory.seeder | Seed memory indexed: 05_blueprint_login_setup.md
2026-09-19 10:40:04 | INFO     | vision.memory.seeder | Seed memory indexed: 06_reusable_auth_code.md
2026-09-19 10:40:04 | INFO     | vision.memory.seeder | Seed memory indexed: 07_visual_login_customization.md
2026-09-19 10:40:04 | INFO     | vision.memory.seeder | Seed memory indexed: 08_project_start_protocol.md
2026-09-19 10:40:04 | INFO     | vision.memory.seeder | Seed memory indexed: 09_ux_design_agent.md
2026-09-19 10:40:04 | INFO     | vision.memory.seeder | Seed memory indexed: 10_aws_hostinger_deployment.md
2026-09-19 10:40:04 | INFO     | vision.memory.seeder | Seed memory indexed: 11_saas_multitenant_architecture.md
2026-09-19 10:40:04 | INFO     | vision.memory.seeder | Seed memory indexed: 12_company_name_variable.md
2026-09-19 10:40:04 | INFO     | vision.memory.seeder | Seed memory indexed: 13_hybrid_site_landing.md
2026-09-19 10:40:04 | INFO     | vision.memory.seeder | Seeding complete. 13 files processed.
2026-09-19 10:40:04 | INFO     | vision.main | Memory initialized with 13 seed knowledge documents.
2026-09-19 10:40:12 | INFO     | vision.memory.vector_store | Memory database & FTS5 index initialized: /home/carlosgomezc7/Projects/vision/vision_memory.db
2026-09-19 10:40:12 | INFO     | vision.memory.seeder | Seed memory indexed: 01_business_model.md
2026-09-19 10:40:12 | INFO     | vision.memory.seeder | Seed memory indexed: 02_intake_intranet.md
2026-09-19 10:40:12 | INFO     | vision.memory.seeder | Seed memory indexed: 03_deep_search_rag.md
2026-09-19 10:40:12 | INFO     | vision.memory.seeder | Seed memory indexed: 04_enterprise_stack.md
2026-09-19 10:40:12 | INFO     | vision.memory.seeder | Seed memory indexed: 05_blueprint_login_setup.md
2026-09-19 10:40:12 | INFO     | vision.memory.seeder | Seed memory indexed: 06_reusable_auth_code.md
2026-09-19 10:40:12 | INFO     | vision.memory.seeder | Seed memory indexed: 07_visual_login_customization.md
2026-09-19 10:40:12 | INFO     | vision.memory.seeder | Seed memory indexed: 08_project_start_protocol.md
2026-09-19 10:40:12 | INFO     | vision.memory.seeder | Seed memory indexed: 09_ux_design_agent.md
2026-09-19 10:40:12 | INFO     | vision.memory.seeder | Seed memory indexed: 10_aws_hostinger_deployment.md
2026-09-19 10:40:12 | INFO     | vision.memory.seeder | Seed memory indexed: 11_saas_multitenant_architecture.md
2026-09-19 10:40:12 | INFO     | vision.memory.seeder | Seed memory indexed: 12_company_name_variable.md
2026-09-19 10:40:12 | INFO     | vision.memory.seeder | Seed memory indexed: 13_hybrid_site_landing.md
2026-09-19 10:40:12 | INFO     | vision.memory.seeder | Seeding complete. 13 files processed.
2026-09-19 10:40:12 | INFO     | vision.main | Memory initialized with 13 seed knowledge documents.
